// Jest Snapshot v1, https://goo.gl/fbAQLP

exports[`GET /auth/login returns admin permissions 1`] = `
{
  "fullName": null,
  "id": 1,
  "orcidId": null,
  "permissions": [
    {
      "id": 1,
      "permission": "canUpload",
    },
    {
      "id": 2,
      "permission": "canUploadModel",
    },
    {
      "id": 3,
      "permission": "canDelete",
    },
    {
      "id": 4,
      "permission": "canProcess",
    },
    {
      "id": 5,
      "permission": "canCalibrate",
    },
    {
      "id": 6,
      "permission": "canGetStats",
    },
    {
      "id": 7,
      "permission": "canAddPublication",
    },
    {
      "id": 8,
      "permission": "canPublishTask",
    },
    {
      "id": 10,
      "permission": "canLogin",
    },
  ],
  "username": "admin",
}
`;

exports[`GET /auth/me returns current user with cookie from login 1`] = `
{
  "fullName": null,
  "id": 1,
  "orcidId": null,
  "permissions": [
    {
      "id": 1,
      "permission": "canUpload",
    },
    {
      "id": 2,
      "permission": "canUploadModel",
    },
    {
      "id": 3,
      "permission": "canDelete",
    },
    {
      "id": 4,
      "permission": "canProcess",
    },
    {
      "id": 5,
      "permission": "canCalibrate",
    },
    {
      "id": 6,
      "permission": "canGetStats",
    },
    {
      "id": 7,
      "permission": "canAddPublication",
    },
    {
      "id": 8,
      "permission": "canPublishTask",
    },
    {
      "id": 10,
      "permission": "canLogin",
    },
  ],
  "username": "admin",
}
`;

exports[`GET /auth/me returns current user with new cookie 1`] = `
{
  "fullName": null,
  "id": 1,
  "orcidId": null,
  "permissions": [
    {
      "id": 1,
      "permission": "canUpload",
    },
    {
      "id": 2,
      "permission": "canUploadModel",
    },
    {
      "id": 3,
      "permission": "canDelete",
    },
    {
      "id": 4,
      "permission": "canProcess",
    },
    {
      "id": 5,
      "permission": "canCalibrate",
    },
    {
      "id": 6,
      "permission": "canGetStats",
    },
    {
      "id": 7,
      "permission": "canAddPublication",
    },
    {
      "id": 8,
      "permission": "canPublishTask",
    },
    {
      "id": 10,
      "permission": "canLogin",
    },
  ],
  "username": "admin",
}
`;
