// Jest Snapshot v1, https://goo.gl/fbAQLP

exports[`/api/files/:uuid request succeeds on instrument file 1`] = `
{
  "checksum": "298688b011a511f8f0e9353371cf73ee86f60c89b0e02c6931d8c05542c64cdb",
  "createdAt": "2020-02-20T10:56:19.382Z",
  "downloadUrl": "http://localhost:3000/api/download/product/38092c00-161d-4ca2-a29d-628cf8e960f6/20181115_mace-head_mira.nc",
  "errorLevel": null,
  "filename": "20181115_mace-head_mira.nc",
  "format": "HDF5 (NetCDF4)",
  "instrument": {
    "allowedTags": [],
    "humanReadableName": "METEK MIRA-35 cloud radar",
    "id": "mira",
    "shortName": "MIRA",
    "type": "radar",
  },
  "instrumentPid": null,
  "legacy": false,
  "measurementDate": "2018-11-15",
  "pid": "",
  "product": {
    "experimental": false,
    "humanReadableName": "Radar",
    "id": "radar",
    "level": "1b",
  },
  "site": {
    "actrisId": null,
    "altitude": 16,
    "country": "Ireland",
    "countryCode": "IE",
    "countrySubdivisionCode": null,
    "dvasId": null,
    "gaw": "MHD",
    "humanReadableName": "Mace Head",
    "id": "mace-head",
    "latitude": 53.326,
    "longitude": -9.9,
    "type": [
      "cloudnet",
    ],
  },
  "size": "12200657",
  "software": [
    {
      "id": "cloudnetpy",
      "title": "CloudnetPy 1.0.4",
      "url": null,
      "version": "1.0.4",
    },
  ],
  "sourceFileIds": null,
  "timeliness": "scheduled",
  "updatedAt": "2020-02-20T10:56:19.382Z",
  "uuid": "38092c00-161d-4ca2-a29d-628cf8e960f6",
  "version": "123",
  "volatile": true,
}
`;

exports[`/api/files/:uuid request succeeds on model file 1`] = `
{
  "checksum": "055bcd9deae26851992c3da6352844fb9443203c48ae4f4ad8f1aa50ef2ab26f",
  "createdAt": "2020-02-20T10:52:59.073Z",
  "downloadUrl": "http://localhost:3000/api/download/product/b5d1d5af-3667-41bc-b952-e684f627d91c/20141205_mace-head_ecmwf.nc",
  "errorLevel": null,
  "filename": "20141205_mace-head_ecmwf.nc",
  "format": "NetCDF3",
  "legacy": false,
  "measurementDate": "2020-12-05",
  "model": {
    "humanReadableName": "ECMWF forecast",
    "id": "ecmwf",
    "optimumOrder": 0,
  },
  "pid": "",
  "product": {
    "experimental": false,
    "humanReadableName": "Model",
    "id": "model",
    "level": "1b",
  },
  "site": {
    "actrisId": 1337,
    "altitude": 93,
    "country": "Romania",
    "countryCode": "RO",
    "countrySubdivisionCode": null,
    "dvasId": "INO",
    "gaw": null,
    "humanReadableName": "Bucharest",
    "id": "bucharest",
    "latitude": 44.348,
    "longitude": 26.029,
    "type": [
      "cloudnet",
    ],
  },
  "size": "500452",
  "software": [],
  "timeliness": "scheduled",
  "updatedAt": "2020-02-20T10:52:59.073Z",
  "uuid": "b5d1d5af-3667-41bc-b952-e684f627d91c",
  "version": "123",
  "volatile": true,
}
`;
